// Jest Snapshot v1, https://goo.gl/fbAQLP

exports[` 1`] = `
<div
  class="quotes"
>
  <h3>
    Введите текст для поиск по нему цитат
  </h3>
   
  <input
    class="form-control form-control-lg"
    placeholder="Жизнь"
    type="text"
  />
   
  <div
    class="quotes__container"
  />
</div>
`;

exports[`12.h.1 MyDirective 12.h.1.3 text 'оч' 1`] = `
<div
  class="quotes"
>
  <h3>
    Введите текст для поиск по нему цитат
  </h3>
   
  <input
    class="form-control form-control-lg"
    placeholder="Жизнь"
    type="text"
  />
   
  <div
    class="quotes__container"
  />
</div>
`;

exports[`12.h.1 MyDirective 12.h.1.4 text 'нет результатов' 1`] = `
<div
  class="quotes"
>
  <h3>
    Введите текст для поиск по нему цитат
  </h3>
   
  <input
    class="form-control form-control-lg"
    placeholder="Жизнь"
    type="text"
  />
   
  <div
    class="quotes__container"
  />
</div>
`;

exports[`12.h.1 MyDirective 12.h.1.5 text 'а' 1`] = `
<div
  class="quotes"
>
  <h3>
    Введите текст для поиск по нему цитат
  </h3>
   
  <input
    class="form-control form-control-lg"
    placeholder="Жизнь"
    type="text"
  />
   
  <div
    class="quotes__container"
  />
</div>
`;
