// Jest Snapshot v1, https://goo.gl/fbAQLP

exports[`13.h.1 Cinema 13.h.1.2 Cinema.vue works correct 1`] = `
<div
  class="cinema"
>
  <h2>
    Режиссеры
  </h2>
   
  <div
    class="cinema__elements"
  >
    <div
      director="[object Object]"
    />
    <div
      director="[object Object]"
    />
    <div
      director="[object Object]"
    />
    <div
      director="[object Object]"
    />
    <div
      director="[object Object]"
    />
  </div>
   
  <h2>
    Фильмы
  </h2>
   
  <div
    class="cinema__elements"
  >
    <div
      movie="[object Object]"
    />
    <div
      movie="[object Object]"
    />
    <div
      movie="[object Object]"
    />
    <div
      movie="[object Object]"
    />
    <div
      movie="[object Object]"
    />
  </div>
</div>
`;

exports[`13.h.1 Cinema 13.h.1.3 CardBlock.vue works correct 1`] = `<div />`;

exports[`13.h.1 Cinema 13.h.1.4 DirectorCard.vue works correct 1`] = `<div />`;
